{
  "rooms": [
    {
      "venue": "YAX MANDIR",
      "section": "MARU COMPLEX",
      "source_room": "203",
      "room": "YAX MANDIR / MARU COMPLEX / 203",
      "type": "pothi_room",
      "capacity": 5,
      "occupied": 5,
      "available": 0,
      "linked_pothi": 61
    },
    {
      "venue": "YAX MANDIR",
      "section": "MARU COMPLEX",
      "source_room": "204",
      "room": "YAX MANDIR / MARU COMPLEX / 204",
      "type": "general_room",
      "capacity": 6,
      "occupied": 4,
      "available": 2,
      "linked_pothi": null
    },
    {
      "venue": "YAX MANDIR",
      "section": "MARU COMPLEX",
      "source_room": "205",
      "room": "YAX MANDIR / MARU COMPLEX / 205",
      "type": "general_room",
      "capacity": 6,
      "occupied": 0,
      "available": 6,
      "linked_pothi": null
    },
    {
      "venue": "YAX MANDIR",
      "section": "MARU COMPLEX",
      "source_room": "206",
      "room": "YAX MANDIR / MARU COMPLEX / 206",
      "type": "general_room",
      "capacity": 6,
      "occupied": 0,
      "available": 6,
      "linked_pothi": null
    },
    {
      "venue": "YAX MANDIR",
      "section": "MARU COMPLEX",
      "source_room": "207",
      "room": "YAX MANDIR / MARU COMPLEX / 207",
      "type": "pothi_room",
      "capacity": 8,
      "occupied": 8,
      "available": 0,
      "linked_pothi": 74
    },
    {
      "venue": "YAX MANDIR",
      "section": "MARU COMPLEX",
      "source_room": "208",
      "room": "YAX MANDIR / MARU COMPLEX / 208",
      "type": "general_room",
      "capacity": 3,
      "occupied": 0,
      "available": 3,
      "linked_pothi": null
    },
    {
      "venue": "YAX MANDIR",
      "section": "MARU COMPLEX",
      "source_room": "209",
      "room": "YAX MANDIR / MARU COMPLEX / 209",
      "type": "general_room",
      "capacity": 3,
      "occupied": 0,
      "available": 3,
      "linked_pothi": null
    },
    {
      "venue": "YAX MANDIR",
      "section": "MARU COMPLEX",
      "source_room": "210",
      "room": "YAX MANDIR / MARU COMPLEX / 210",
      "type": "general_room",
      "capacity": 5,
      "occupied": 0,
      "available": 5,
      "linked_pothi": null
    },
    {
      "venue": "YAX MANDIR",
      "section": "MARU COMPLEX",
      "source_room": "211",
      "room": "YAX MANDIR / MARU COMPLEX / 211",
      "type": "general_room",
      "capacity": 4,
      "occupied": 4,
      "available": 0,
      "linked_pothi": null
    },
    {
      "venue": "YAX MANDIR",
      "section": "MARU COMPLEX",
      "source_room": "212",
      "room": "YAX MANDIR / MARU COMPLEX / 212",
      "type": "general_room",
      "capacity": 4,
      "occupied": 0,
      "available": 4,
      "linked_pothi": null
    },
    {
      "venue": "YAX MANDIR",
      "section": "MARU COMPLEX",
      "source_room": "213",
      "room": "YAX MANDIR / MARU COMPLEX / 213",
      "type": "general_room",
      "capacity": 4,
      "occupied": 0,
      "available": 4,
      "linked_pothi": null
    },
    {
      "venue": "YAX MANDIR",
      "section": "MARU COMPLEX",
      "source_room": "214",
      "room": "YAX MANDIR / MARU COMPLEX / 214",
      "type": "general_room",
      "capacity": 4,
      "occupied": 4,
      "available": 0,
      "linked_pothi": null
    },
    {
      "venue": "YAX MANDIR",
      "section": "MARU COMPLEX",
      "source_room": "215",
      "room": "YAX MANDIR / MARU COMPLEX / 215",
      "type": "pothi_room",
      "capacity": 8,
      "occupied": 0,
      "available": 8,
      "linked_pothi": 68
    },
    {
      "venue": "YAX MANDIR",
      "section": "NAVNEET COMPLEX",
      "source_room": "1",
      "room": "YAX MANDIR / NAVNEET COMPLEX / 1",
      "type": "pothi_room",
      "capacity": 5,
      "occupied": 5,
      "available": 0,
      "linked_pothi": 21
    },
    {
      "venue": "YAX MANDIR",
      "section": "NAVNEET COMPLEX",
      "source_room": "2",
      "room": "YAX MANDIR / NAVNEET COMPLEX / 2",
      "type": "pothi_room",
      "capacity": 5,
      "occupied": 4,
      "available": 1,
      "linked_pothi": 21
    },
    {
      "venue": "YAX MANDIR",
      "section": "NAVNEET COMPLEX",
      "source_room": "3",
      "room": "YAX MANDIR / NAVNEET COMPLEX / 3",
      "type": "pothi_room",
      "capacity": 5,
      "occupied": 4,
      "available": 1,
      "linked_pothi": 22
    },
    {
      "venue": "YAX MANDIR",
      "section": "NAVNEET COMPLEX",
      "source_room": "4",
      "room": "YAX MANDIR / NAVNEET COMPLEX / 4",
      "type": "pothi_room",
      "capacity": 5,
      "occupied": 4,
      "available": 1,
      "linked_pothi": 23
    },
    {
      "venue": "YAX MANDIR",
      "section": "NAVNEET COMPLEX",
      "source_room": "5",
      "room": "YAX MANDIR / NAVNEET COMPLEX / 5",
      "type": "pothi_room",
      "capacity": 5,
      "occupied": 4,
      "available": 1,
      "linked_pothi": 24
    },
    {
      "venue": "YAX MANDIR",
      "section": "NAVNEET COMPLEX",
      "source_room": "6",
      "room": "YAX MANDIR / NAVNEET COMPLEX / 6",
      "type": "private_room",
      "capacity": 5,
      "occupied": 5,
      "available": 0,
      "linked_pothi": 24
    },
    {
      "venue": "YAX MANDIR",
      "section": "NAVNEET COMPLEX",
      "source_room": "7",
      "room": "YAX MANDIR / NAVNEET COMPLEX / 7",
      "type": "private_room",
      "capacity": 5,
      "occupied": 5,
      "available": 0,
      "linked_pothi": 53
    },
    {
      "venue": "YAX MANDIR",
      "section": "NAVNEET COMPLEX",
      "source_room": "8",
      "room": "YAX MANDIR / NAVNEET COMPLEX / 8",
      "type": "private_room",
      "capacity": 5,
      "occupied": 5,
      "available": 0,
      "linked_pothi": 53
    },
    {
      "venue": "YAX MANDIR",
      "section": "NAVNEET COMPLEX",
      "source_room": "9",
      "room": "YAX MANDIR / NAVNEET COMPLEX / 9",
      "type": "private_room",
      "capacity": 5,
      "occupied": 4,
      "available": 1,
      "linked_pothi": 53
    },
    {
      "venue": "YAX MANDIR",
      "section": "NAVNEET COMPLEX",
      "source_room": "10",
      "room": "YAX MANDIR / NAVNEET COMPLEX / 10",
      "type": "pothi_room",
      "capacity": 5,
      "occupied": 4,
      "available": 1,
      "linked_pothi": 53
    },
    {
      "venue": "YAX MANDIR",
      "section": "NAVNEET COMPLEX",
      "source_room": "11",
      "room": "YAX MANDIR / NAVNEET COMPLEX / 11",
      "type": "pothi_room",
      "capacity": 5,
      "occupied": 4,
      "available": 1,
      "linked_pothi": 47
    },
    {
      "venue": "YAX MANDIR",
      "section": "NAVNEET COMPLEX",
      "source_room": "12",
      "room": "YAX MANDIR / NAVNEET COMPLEX / 12",
      "type": "private_room",
      "capacity": 5,
      "occupied": 5,
      "available": 0,
      "linked_pothi": 32
    },
    {
      "venue": "YAX MANDIR",
      "section": "NAVNEET COMPLEX",
      "source_room": "15",
      "room": "YAX MANDIR / NAVNEET COMPLEX / 15",
      "type": "private_room",
      "capacity": 5,
      "occupied": 5,
      "available": 0,
      "linked_pothi": 33
    },
    {
      "venue": "YAX MANDIR",
      "section": "NAVNEET COMPLEX",
      "source_room": "16",
      "room": "YAX MANDIR / NAVNEET COMPLEX / 16",
      "type": "pothi_room",
      "capacity": 5,
      "occupied": 5,
      "available": 0,
      "linked_pothi": 32
    },
    {
      "venue": "YAX MANDIR",
      "section": "NAVNEET COMPLEX",
      "source_room": "17",
      "room": "YAX MANDIR / NAVNEET COMPLEX / 17",
      "type": "pothi_room",
      "capacity": 5,
      "occupied": 5,
      "available": 0,
      "linked_pothi": 33
    },
    {
      "venue": "YAX MANDIR",
      "section": "NAVNEET COMPLEX",
      "source_room": "18",
      "room": "YAX MANDIR / NAVNEET COMPLEX / 18",
      "type": "pothi_room",
      "capacity": 5,
      "occupied": 0,
      "available": 5,
      "linked_pothi": 34
    },
    {
      "venue": "YAX MANDIR",
      "section": "NAVNEET COMPLEX",
      "source_room": "101",
      "room": "YAX MANDIR / NAVNEET COMPLEX / 101",
      "type": "pothi_room",
      "capacity": 5,
      "occupied": 5,
      "available": 0,
      "linked_pothi": 5
    },
    {
      "venue": "YAX MANDIR",
      "section": "NAVNEET COMPLEX",
      "source_room": "102",
      "room": "YAX MANDIR / NAVNEET COMPLEX / 102",
      "type": "pothi_room",
      "capacity": 5,
      "occupied": 4,
      "available": 1,
      "linked_pothi": 16
    },
    {
      "venue": "YAX MANDIR",
      "section": "NAVNEET COMPLEX",
      "source_room": "103",
      "room": "YAX MANDIR / NAVNEET COMPLEX / 103",
      "type": "pothi_room",
      "capacity": 5,
      "occupied": 0,
      "available": 5,
      "linked_pothi": 16
    },
    {
      "venue": "YAX MANDIR",
      "section": "NAVNEET COMPLEX",
      "source_room": "104",
      "room": "YAX MANDIR / NAVNEET COMPLEX / 104",
      "type": "pothi_room",
      "capacity": 5,
      "occupied": 0,
      "available": 5,
      "linked_pothi": 47
    },
    {
      "venue": "YAX MANDIR",
      "section": "NAVNEET COMPLEX",
      "source_room": "105",
      "room": "YAX MANDIR / NAVNEET COMPLEX / 105",
      "type": "general_room",
      "capacity": 5,
      "occupied": 0,
      "available": 5,
      "linked_pothi": null
    },
    {
      "venue": "YAX MANDIR",
      "section": "NAVNEET COMPLEX",
      "source_room": "106",
      "room": "YAX MANDIR / NAVNEET COMPLEX / 106",
      "type": "general_room",
      "capacity": 5,
      "occupied": 0,
      "available": 5,
      "linked_pothi": null
    },
    {
      "venue": "YAX MANDIR",
      "section": "NAVNEET COMPLEX",
      "source_room": "107",
      "room": "YAX MANDIR / NAVNEET COMPLEX / 107",
      "type": "pothi_room",
      "capacity": 5,
      "occupied": 0,
      "available": 5,
      "linked_pothi": 67
    },
    {
      "venue": "YAX MANDIR",
      "section": "NAVNEET COMPLEX",
      "source_room": "108",
      "room": "YAX MANDIR / NAVNEET COMPLEX / 108",
      "type": "pothi_room",
      "capacity": 5,
      "occupied": 4,
      "available": 1,
      "linked_pothi": 55
    },
    {
      "venue": "YAX MANDIR",
      "section": "NAVNEET COMPLEX",
      "source_room": "109",
      "room": "YAX MANDIR / NAVNEET COMPLEX / 109",
      "type": "pothi_room",
      "capacity": 5,
      "occupied": 4,
      "available": 1,
      "linked_pothi": 56
    },
    {
      "venue": "YAX MANDIR",
      "section": "NAVNEET COMPLEX",
      "source_room": "110",
      "room": "YAX MANDIR / NAVNEET COMPLEX / 110",
      "type": "pothi_room",
      "capacity": 5,
      "occupied": 4,
      "available": 1,
      "linked_pothi": 57
    },
    {
      "venue": "YAX MANDIR",
      "section": "NAVNEET COMPLEX",
      "source_room": "111",
      "room": "YAX MANDIR / NAVNEET COMPLEX / 111",
      "type": "pothi_room",
      "capacity": 5,
      "occupied": 5,
      "available": 0,
      "linked_pothi": 15
    },
    {
      "venue": "YAX MANDIR",
      "section": "NAVNEET COMPLEX",
      "source_room": "112",
      "room": "YAX MANDIR / NAVNEET COMPLEX / 112",
      "type": "pothi_room",
      "capacity": 5,
      "occupied": 4,
      "available": 1,
      "linked_pothi": 8
    },
    {
      "venue": "YAX MANDIR",
      "section": "NAVNEET COMPLEX",
      "source_room": "113",
      "room": "YAX MANDIR / NAVNEET COMPLEX / 113",
      "type": "pothi_room",
      "capacity": 5,
      "occupied": 1,
      "available": 4,
      "linked_pothi": 9
    },
    {
      "venue": "YAX MANDIR",
      "section": "NAVNEET COMPLEX",
      "source_room": "114",
      "room": "YAX MANDIR / NAVNEET COMPLEX / 114",
      "type": "pothi_room",
      "capacity": 5,
      "occupied": 4,
      "available": 1,
      "linked_pothi": 10
    },
    {
      "venue": "YAX MANDIR",
      "section": "NAVNEET COMPLEX",
      "source_room": "115",
      "room": "YAX MANDIR / NAVNEET COMPLEX / 115",
      "type": "pothi_room",
      "capacity": 5,
      "occupied": 4,
      "available": 1,
      "linked_pothi": 11
    },
    {
      "venue": "YAX MANDIR",
      "section": "NAVNEET COMPLEX",
      "source_room": "116",
      "room": "YAX MANDIR / NAVNEET COMPLEX / 116",
      "type": "pothi_room",
      "capacity": 5,
      "occupied": 3,
      "available": 2,
      "linked_pothi": 12
    },
    {
      "venue": "YAX MANDIR",
      "section": "NAVNEET COMPLEX",
      "source_room": "117",
      "room": "YAX MANDIR / NAVNEET COMPLEX / 117",
      "type": "pothi_room",
      "capacity": 5,
      "occupied": 4,
      "available": 1,
      "linked_pothi": 13
    },
    {
      "venue": "YAX MANDIR",
      "section": "PAN VALLABH COMPLEX",
      "source_room": "601",
      "room": "YAX MANDIR / PAN VALLABH COMPLEX / 601",
      "type": "private_room",
      "capacity": 5,
      "occupied": 0,
      "available": 5,
      "linked_pothi": 1
    },
    {
      "venue": "YAX MANDIR",
      "section": "PAN VALLABH COMPLEX",
      "source_room": "602",
      "room": "YAX MANDIR / PAN VALLABH COMPLEX / 602",
      "type": "private_room",
      "capacity": 5,
      "occupied": 0,
      "available": 5,
      "linked_pothi": 1
    },
    {
      "venue": "YAX MANDIR",
      "section": "PAN VALLABH COMPLEX",
      "source_room": "603",
      "room": "YAX MANDIR / PAN VALLABH COMPLEX / 603",
      "type": "pothi_room",
      "capacity": 11,
      "occupied": 0,
      "available": 11,
      "linked_pothi": 1
    },
    {
      "venue": "YAX MANDIR",
      "section": "PAN VALLABH COMPLEX",
      "source_room": "604",
      "room": "YAX MANDIR / PAN VALLABH COMPLEX / 604",
      "type": "private_room",
      "capacity": 5,
      "occupied": 0,
      "available": 5,
      "linked_pothi": 1
    },
    {
      "venue": "YAX MANDIR",
      "section": "PAN VALLABH COMPLEX",
      "source_room": "605",
      "room": "YAX MANDIR / PAN VALLABH COMPLEX / 605",
      "type": "private_room",
      "capacity": 5,
      "occupied": 0,
      "available": 5,
      "linked_pothi": 1
    },
    {
      "venue": "YAX MANDIR",
      "section": "PAN VALLABH COMPLEX",
      "source_room": "606",
      "room": "YAX MANDIR / PAN VALLABH COMPLEX / 606",
      "type": "private_room",
      "capacity": 2,
      "occupied": 0,
      "available": 2,
      "linked_pothi": 1
    },
    {
      "venue": "YAX MANDIR",
      "section": "PAN VALLABH COMPLEX",
      "source_room": "607",
      "room": "YAX MANDIR / PAN VALLABH COMPLEX / 607",
      "type": "private_room",
      "capacity": 5,
      "occupied": 1,
      "available": 4,
      "linked_pothi": 27
    },
    {
      "venue": "YAX MANDIR",
      "section": "PAN VALLABH COMPLEX",
      "source_room": "608",
      "room": "YAX MANDIR / PAN VALLABH COMPLEX / 608",
      "type": "private_room",
      "capacity": 5,
      "occupied": 0,
      "available": 5,
      "linked_pothi": 27
    },
    {
      "venue": "YAX MANDIR",
      "section": "PAN VALLABH COMPLEX",
      "source_room": "609",
      "room": "YAX MANDIR / PAN VALLABH COMPLEX / 609",
      "type": "private_room",
      "capacity": 5,
      "occupied": 0,
      "available": 5,
      "linked_pothi": null
    },
    {
      "venue": "YAX MANDIR",
      "section": "PAN VALLABH COMPLEX",
      "source_room": "610",
      "room": "YAX MANDIR / PAN VALLABH COMPLEX / 610",
      "type": "private_room",
      "capacity": 5,
      "occupied": 0,
      "available": 5,
      "linked_pothi": null
    },
    {
      "venue": "YAX MANDIR",
      "section": "PAN VALLABH COMPLEX",
      "source_room": "701",
      "room": "YAX MANDIR / PAN VALLABH COMPLEX / 701",
      "type": "private_room",
      "capacity": 5,
      "occupied": 0,
      "available": 5,
      "linked_pothi": null
    },
    {
      "venue": "YAX MANDIR",
      "section": "PAN VALLABH COMPLEX",
      "source_room": "702",
      "room": "YAX MANDIR / PAN VALLABH COMPLEX / 702",
      "type": "private_room",
      "capacity": 5,
      "occupied": 0,
      "available": 5,
      "linked_pothi": null
    },
    {
      "venue": "YAX MANDIR",
      "section": "PAN VALLABH COMPLEX",
      "source_room": "703",
      "room": "YAX MANDIR / PAN VALLABH COMPLEX / 703",
      "type": "private_room",
      "capacity": 11,
      "occupied": 0,
      "available": 11,
      "linked_pothi": null
    },
    {
      "venue": "YAX MANDIR",
      "section": "PAN VALLABH COMPLEX",
      "source_room": "704",
      "room": "YAX MANDIR / PAN VALLABH COMPLEX / 704",
      "type": "private_room",
      "capacity": 5,
      "occupied": 0,
      "available": 5,
      "linked_pothi": null
    },
    {
      "venue": "YAX MANDIR",
      "section": "PAN VALLABH COMPLEX",
      "source_room": "705",
      "room": "YAX MANDIR / PAN VALLABH COMPLEX / 705",
      "type": "private_room",
      "capacity": 5,
      "occupied": 0,
      "available": 5,
      "linked_pothi": null
    },
    {
      "venue": "YAX MANDIR",
      "section": "PAN VALLABH COMPLEX",
      "source_room": "706",
      "room": "YAX MANDIR / PAN VALLABH COMPLEX / 706",
      "type": "private_room",
      "capacity": 2,
      "occupied": 0,
      "available": 2,
      "linked_pothi": null
    },
    {
      "venue": "YAX MANDIR",
      "section": "PAN VALLABH COMPLEX",
      "source_room": "707",
      "room": "YAX MANDIR / PAN VALLABH COMPLEX / 707",
      "type": "private_room",
      "capacity": 5,
      "occupied": 0,
      "available": 5,
      "linked_pothi": null
    },
    {
      "venue": "YAX MANDIR",
      "section": "PAN VALLABH COMPLEX",
      "source_room": "708",
      "room": "YAX MANDIR / PAN VALLABH COMPLEX / 708",
      "type": "private_room",
      "capacity": 5,
      "occupied": 0,
      "available": 5,
      "linked_pothi": null
    },
    {
      "venue": "YAX MANDIR",
      "section": "PAN VALLABH COMPLEX",
      "source_room": "709",
      "room": "YAX MANDIR / PAN VALLABH COMPLEX / 709",
      "type": "private_room",
      "capacity": 5,
      "occupied": 0,
      "available": 5,
      "linked_pothi": null
    },
    {
      "venue": "YAX MANDIR",
      "section": "PAN VALLABH COMPLEX",
      "source_room": "710",
      "room": "YAX MANDIR / PAN VALLABH COMPLEX / 710",
      "type": "private_room",
      "capacity": 5,
      "occupied": 0,
      "available": 5,
      "linked_pothi": null
    },
    {
      "venue": "YAX MANDIR",
      "section": "JAKHIBAI COMPLEX",
      "source_room": "901",
      "room": "YAX MANDIR / JAKHIBAI COMPLEX / 901",
      "type": "pothi_room",
      "capacity": 5,
      "occupied": 5,
      "available": 0,
      "linked_pothi": 49
    },
    {
      "venue": "YAX MANDIR",
      "section": "JAKHIBAI COMPLEX",
      "source_room": "902",
      "room": "YAX MANDIR / JAKHIBAI COMPLEX / 902",
      "type": "pothi_room",
      "capacity": 5,
      "occupied": 4,
      "available": 1,
      "linked_pothi": 50
    },
    {
      "venue": "YAX MANDIR",
      "section": "JAKHIBAI COMPLEX",
      "source_room": "903",
      "room": "YAX MANDIR / JAKHIBAI COMPLEX / 903",
      "type": "pothi_room",
      "capacity": 5,
      "occupied": 5,
      "available": 0,
      "linked_pothi": 51
    },
    {
      "venue": "YAX MANDIR",
      "section": "JAKHIBAI COMPLEX",
      "source_room": "904",
      "room": "YAX MANDIR / JAKHIBAI COMPLEX / 904",
      "type": "pothi_room",
      "capacity": 5,
      "occupied": 5,
      "available": 0,
      "linked_pothi": 52
    },
    {
      "venue": "YAX MANDIR",
      "section": "JAKHIBAI COMPLEX",
      "source_room": "905",
      "room": "YAX MANDIR / JAKHIBAI COMPLEX / 905",
      "type": "pothi_room",
      "capacity": 5,
      "occupied": 4,
      "available": 1,
      "linked_pothi": 36
    },
    {
      "venue": "YAX MANDIR",
      "section": "JAKHIBAI COMPLEX",
      "source_room": "906",
      "room": "YAX MANDIR / JAKHIBAI COMPLEX / 906",
      "type": "pothi_room",
      "capacity": 5,
      "occupied": 5,
      "available": 0,
      "linked_pothi": 37
    },
    {
      "venue": "YAX MANDIR",
      "section": "JAKHIBAI COMPLEX",
      "source_room": "907",
      "room": "YAX MANDIR / JAKHIBAI COMPLEX / 907",
      "type": "general_room",
      "capacity": 7,
      "occupied": 0,
      "available": 7,
      "linked_pothi": null
    },
    {
      "venue": "YAX MANDIR",
      "section": "JAKHIBAI COMPLEX",
      "source_room": "908",
      "room": "YAX MANDIR / JAKHIBAI COMPLEX / 908",
      "type": "pothi_room",
      "capacity": 5,
      "occupied": 4,
      "available": 1,
      "linked_pothi": 39
    },
    {
      "venue": "YAX MANDIR",
      "section": "JAKHIBAI COMPLEX",
      "source_room": "909",
      "room": "YAX MANDIR / JAKHIBAI COMPLEX / 909",
      "type": "pothi_room",
      "capacity": 5,
      "occupied": 4,
      "available": 1,
      "linked_pothi": 54
    },
    {
      "venue": "YAX MANDIR",
      "section": "JAKHIBAI COMPLEX",
      "source_room": "910",
      "room": "YAX MANDIR / JAKHIBAI COMPLEX / 910",
      "type": "pothi_room",
      "capacity": 5,
      "occupied": 5,
      "available": 0,
      "linked_pothi": 14
    },
    {
      "venue": "YAX MANDIR",
      "section": "JAKHIBAI COMPLEX",
      "source_room": "911",
      "room": "YAX MANDIR / JAKHIBAI COMPLEX / 911",
      "type": "general_room",
      "capacity": 5,
      "occupied": 0,
      "available": 5,
      "linked_pothi": null
    },
    {
      "venue": "YAX MANDIR",
      "section": "JAKHIBAI COMPLEX",
      "source_room": "912",
      "room": "YAX MANDIR / JAKHIBAI COMPLEX / 912",
      "type": "general_room",
      "capacity": 5,
      "occupied": 0,
      "available": 5,
      "linked_pothi": null
    },
    {
      "venue": "YAX MANDIR",
      "section": "JAKHIBAI COMPLEX",
      "source_room": "913",
      "room": "YAX MANDIR / JAKHIBAI COMPLEX / 913",
      "type": "general_room",
      "capacity": 5,
      "occupied": 0,
      "available": 5,
      "linked_pothi": null
    },
    {
      "venue": "YAX MANDIR",
      "section": "JAKHIBAI COMPLEX",
      "source_room": "914",
      "room": "YAX MANDIR / JAKHIBAI COMPLEX / 914",
      "type": "pothi_room",
      "capacity": 5,
      "occupied": 5,
      "available": 0,
      "linked_pothi": 69
    },
    {
      "venue": "YAX MANDIR",
      "section": "JAKHIBAI COMPLEX",
      "source_room": "915",
      "room": "YAX MANDIR / JAKHIBAI COMPLEX / 915",
      "type": "pothi_room",
      "capacity": 5,
      "occupied": 0,
      "available": 5,
      "linked_pothi": 70
    },
    {
      "venue": "YAX MANDIR",
      "section": "JAKHIBAI COMPLEX",
      "source_room": "916",
      "room": "YAX MANDIR / JAKHIBAI COMPLEX / 916",
      "type": "general_room",
      "capacity": 5,
      "occupied": 0,
      "available": 5,
      "linked_pothi": null
    },
    {
      "venue": "YAX MANDIR",
      "section": "JAKHIBAI COMPLEX",
      "source_room": "917",
      "room": "YAX MANDIR / JAKHIBAI COMPLEX / 917",
      "type": "general_room",
      "capacity": 5,
      "occupied": 0,
      "available": 5,
      "linked_pothi": null
    },
    {
      "venue": "YAX MANDIR",
      "section": "JAKHIBAI COMPLEX",
      "source_room": "918",
      "room": "YAX MANDIR / JAKHIBAI COMPLEX / 918",
      "type": "general_room",
      "capacity": 2,
      "occupied": 0,
      "available": 2,
      "linked_pothi": null
    },
    {
      "venue": "YAX MANDIR",
      "section": "JAKHIBAI COMPLEX",
      "source_room": "1001",
      "room": "YAX MANDIR / JAKHIBAI COMPLEX / 1001",
      "type": "pothi_room",
      "capacity": 5,
      "occupied": 4,
      "available": 1,
      "linked_pothi": 40
    },
    {
      "venue": "YAX MANDIR",
      "section": "JAKHIBAI COMPLEX",
      "source_room": "1002",
      "room": "YAX MANDIR / JAKHIBAI COMPLEX / 1002",
      "type": "pothi_room",
      "capacity": 5,
      "occupied": 0,
      "available": 5,
      "linked_pothi": 40
    },
    {
      "venue": "YAX MANDIR",
      "section": "JAKHIBAI COMPLEX",
      "source_room": "1003",
      "room": "YAX MANDIR / JAKHIBAI COMPLEX / 1003",
      "type": "pothi_room",
      "capacity": 5,
      "occupied": 0,
      "available": 5,
      "linked_pothi": 42
    },
    {
      "venue": "YAX MANDIR",
      "section": "JAKHIBAI COMPLEX",
      "source_room": "1004",
      "room": "YAX MANDIR / JAKHIBAI COMPLEX / 1004",
      "type": "pothi_room",
      "capacity": 5,
      "occupied": 5,
      "available": 0,
      "linked_pothi": 30
    },
    {
      "venue": "YAX MANDIR",
      "section": "JAKHIBAI COMPLEX",
      "source_room": "1005",
      "room": "YAX MANDIR / JAKHIBAI COMPLEX / 1005",
      "type": "general_room",
      "capacity": 5,
      "occupied": 0,
      "available": 5,
      "linked_pothi": null
    },
    {
      "venue": "YAX MANDIR",
      "section": "JAKHIBAI COMPLEX",
      "source_room": "1006",
      "room": "YAX MANDIR / JAKHIBAI COMPLEX / 1006",
      "type": "general_room",
      "capacity": 5,
      "occupied": 0,
      "available": 5,
      "linked_pothi": null
    },
    {
      "venue": "YAX MANDIR",
      "section": "JAKHIBAI COMPLEX",
      "source_room": "1007",
      "room": "YAX MANDIR / JAKHIBAI COMPLEX / 1007",
      "type": "general_room",
      "capacity": 14,
      "occupied": 0,
      "available": 14,
      "linked_pothi": null
    },
    {
      "venue": "YAX MANDIR",
      "section": "JAKHIBAI COMPLEX",
      "source_room": "1008",
      "room": "YAX MANDIR / JAKHIBAI COMPLEX / 1008",
      "type": "pothi_room",
      "capacity": 5,
      "occupied": 5,
      "available": 0,
      "linked_pothi": 3
    },
    {
      "venue": "YAX MANDIR",
      "section": "JAKHIBAI COMPLEX",
      "source_room": "1009",
      "room": "YAX MANDIR / JAKHIBAI COMPLEX / 1009",
      "type": "pothi_room",
      "capacity": 5,
      "occupied": 5,
      "available": 0,
      "linked_pothi": 58
    },
    {
      "venue": "YAX MANDIR",
      "section": "JAKHIBAI COMPLEX",
      "source_room": "1010",
      "room": "YAX MANDIR / JAKHIBAI COMPLEX / 1010",
      "type": "pothi_room",
      "capacity": 5,
      "occupied": 5,
      "available": 0,
      "linked_pothi": 58
    },
    {
      "venue": "YAX MANDIR",
      "section": "JAKHIBAI COMPLEX",
      "source_room": "1011",
      "room": "YAX MANDIR / JAKHIBAI COMPLEX / 1011",
      "type": "pothi_room",
      "capacity": 5,
      "occupied": 5,
      "available": 0,
      "linked_pothi": 59
    },
    {
      "venue": "YAX MANDIR",
      "section": "JAKHIBAI COMPLEX",
      "source_room": "1012",
      "room": "YAX MANDIR / JAKHIBAI COMPLEX / 1012",
      "type": "pothi_room",
      "capacity": 5,
      "occupied": 5,
      "available": 0,
      "linked_pothi": 60
    },
    {
      "venue": "YAX MANDIR",
      "section": "JAKHIBAI COMPLEX",
      "source_room": "1013",
      "room": "YAX MANDIR / JAKHIBAI COMPLEX / 1013",
      "type": "pothi_room",
      "capacity": 5,
      "occupied": 4,
      "available": 1,
      "linked_pothi": 72
    },
    {
      "venue": "YAX MANDIR",
      "section": "JAKHIBAI COMPLEX",
      "source_room": "1014",
      "room": "YAX MANDIR / JAKHIBAI COMPLEX / 1014",
      "type": "pothi_room",
      "capacity": 5,
      "occupied": 4,
      "available": 1,
      "linked_pothi": 73
    },
    {
      "venue": "YAX MANDIR",
      "section": "JAKHIBAI COMPLEX",
      "source_room": "1015",
      "room": "YAX MANDIR / JAKHIBAI COMPLEX / 1015",
      "type": "pothi_room",
      "capacity": 5,
      "occupied": 0,
      "available": 5,
      "linked_pothi": 71
    },
    {
      "venue": "YAX MANDIR",
      "section": "JAKHIBAI COMPLEX",
      "source_room": "1016",
      "room": "YAX MANDIR / JAKHIBAI COMPLEX / 1016",
      "type": "general_room",
      "capacity": 5,
      "occupied": 0,
      "available": 5,
      "linked_pothi": null
    },
    {
      "venue": "YAX MANDIR",
      "section": "JAKHIBAI COMPLEX",
      "source_room": "1017",
      "room": "YAX MANDIR / JAKHIBAI COMPLEX / 1017",
      "type": "general_room",
      "capacity": 5,
      "occupied": 0,
      "available": 5,
      "linked_pothi": null
    },
    {
      "venue": "YAX MANDIR",
      "section": "JAKHIBAI COMPLEX",
      "source_room": "1018",
      "room": "YAX MANDIR / JAKHIBAI COMPLEX / 1018",
      "type": "general_room",
      "capacity": 2,
      "occupied": 0,
      "available": 2,
      "linked_pothi": null
    },
    {
      "venue": "YAX MANDIR",
      "section": "JAKHIBAI COMPLEX",
      "source_room": "1101",
      "room": "YAX MANDIR / JAKHIBAI COMPLEX / 1101",
      "type": "general_room",
      "capacity": 5,
      "occupied": 0,
      "available": 5,
      "linked_pothi": null
    },
    {
      "venue": "YAX MANDIR",
      "section": "JAKHIBAI COMPLEX",
      "source_room": "1102",
      "room": "YAX MANDIR / JAKHIBAI COMPLEX / 1102",
      "type": "general_room",
      "capacity": 5,
      "occupied": 0,
      "available": 5,
      "linked_pothi": null
    },
    {
      "venue": "YAX MANDIR",
      "section": "JAKHIBAI COMPLEX",
      "source_room": "1103",
      "room": "YAX MANDIR / JAKHIBAI COMPLEX / 1103",
      "type": "general_room",
      "capacity": 5,
      "occupied": 0,
      "available": 5,
      "linked_pothi": null
    },
    {
      "venue": "YAX MANDIR",
      "section": "JAKHIBAI COMPLEX",
      "source_room": "1104",
      "room": "YAX MANDIR / JAKHIBAI COMPLEX / 1104",
      "type": "general_room",
      "capacity": 5,
      "occupied": 0,
      "available": 5,
      "linked_pothi": null
    },
    {
      "venue": "YAX MANDIR",
      "section": "JAKHIBAI COMPLEX",
      "source_room": "1105",
      "room": "YAX MANDIR / JAKHIBAI COMPLEX / 1105",
      "type": "general_room",
      "capacity": 5,
      "occupied": 0,
      "available": 5,
      "linked_pothi": null
    },
    {
      "venue": "YAX MANDIR",
      "section": "JAKHIBAI COMPLEX",
      "source_room": "1106",
      "room": "YAX MANDIR / JAKHIBAI COMPLEX / 1106",
      "type": "general_room",
      "capacity": 5,
      "occupied": 0,
      "available": 5,
      "linked_pothi": null
    },
    {
      "venue": "YAX MANDIR",
      "section": "JAKHIBAI COMPLEX",
      "source_room": "1107",
      "room": "YAX MANDIR / JAKHIBAI COMPLEX / 1107",
      "type": "general_room",
      "capacity": 14,
      "occupied": 0,
      "available": 14,
      "linked_pothi": null
    },
    {
      "venue": "YAX MANDIR",
      "section": "JAKHIBAI COMPLEX",
      "source_room": "1108",
      "room": "YAX MANDIR / JAKHIBAI COMPLEX / 1108",
      "type": "general_room",
      "capacity": 5,
      "occupied": 0,
      "available": 5,
      "linked_pothi": null
    },
    {
      "venue": "YAX MANDIR",
      "section": "JAKHIBAI COMPLEX",
      "source_room": "1109",
      "room": "YAX MANDIR / JAKHIBAI COMPLEX / 1109",
      "type": "general_room",
      "capacity": 5,
      "occupied": 0,
      "available": 5,
      "linked_pothi": null
    },
    {
      "venue": "YAX MANDIR",
      "section": "JAKHIBAI COMPLEX",
      "source_room": "1110",
      "room": "YAX MANDIR / JAKHIBAI COMPLEX / 1110",
      "type": "general_room",
      "capacity": 5,
      "occupied": 0,
      "available": 5,
      "linked_pothi": null
    },
    {
      "venue": "YAX MANDIR",
      "section": "JAKHIBAI COMPLEX",
      "source_room": "1111",
      "room": "YAX MANDIR / JAKHIBAI COMPLEX / 1111",
      "type": "general_room",
      "capacity": 5,
      "occupied": 0,
      "available": 5,
      "linked_pothi": null
    },
    {
      "venue": "YAX MANDIR",
      "section": "JAKHIBAI COMPLEX",
      "source_room": "1112",
      "room": "YAX MANDIR / JAKHIBAI COMPLEX / 1112",
      "type": "general_room",
      "capacity": 5,
      "occupied": 0,
      "available": 5,
      "linked_pothi": null
    },
    {
      "venue": "YAX MANDIR",
      "section": "JAKHIBAI COMPLEX",
      "source_room": "1113",
      "room": "YAX MANDIR / JAKHIBAI COMPLEX / 1113",
      "type": "general_room",
      "capacity": 5,
      "occupied": 0,
      "available": 5,
      "linked_pothi": null
    },
    {
      "venue": "YAX MANDIR",
      "section": "JAKHIBAI COMPLEX",
      "source_room": "1114",
      "room": "YAX MANDIR / JAKHIBAI COMPLEX / 1114",
      "type": "general_room",
      "capacity": 5,
      "occupied": 0,
      "available": 5,
      "linked_pothi": null
    },
    {
      "venue": "YAX MANDIR",
      "section": "JAKHIBAI COMPLEX",
      "source_room": "1115",
      "room": "YAX MANDIR / JAKHIBAI COMPLEX / 1115",
      "type": "general_room",
      "capacity": 5,
      "occupied": 0,
      "available": 5,
      "linked_pothi": null
    },
    {
      "venue": "YAX MANDIR",
      "section": "JAKHIBAI COMPLEX",
      "source_room": "1116",
      "room": "YAX MANDIR / JAKHIBAI COMPLEX / 1116",
      "type": "general_room",
      "capacity": 5,
      "occupied": 0,
      "available": 5,
      "linked_pothi": null
    },
    {
      "venue": "YAX MANDIR",
      "section": "JAKHIBAI COMPLEX",
      "source_room": "1117",
      "room": "YAX MANDIR / JAKHIBAI COMPLEX / 1117",
      "type": "general_room",
      "capacity": 5,
      "occupied": 0,
      "available": 5,
      "linked_pothi": null
    },
    {
      "venue": "YAX MANDIR",
      "section": "JAKHIBAI COMPLEX",
      "source_room": "1118",
      "room": "YAX MANDIR / JAKHIBAI COMPLEX / 1118",
      "type": "general_room",
      "capacity": 2,
      "occupied": 0,
      "available": 2,
      "linked_pothi": null
    },
    {
      "venue": "YAX MANDIR",
      "section": "S.P.M.COMPLEX",
      "source_room": "401",
      "room": "YAX MANDIR / S.P.M.COMPLEX / 401",
      "type": "pothi_room",
      "capacity": 8,
      "occupied": 0,
      "available": 8,
      "linked_pothi": 46
    },
    {
      "venue": "YAX MANDIR",
      "section": "S.P.M.COMPLEX",
      "source_room": "402",
      "room": "YAX MANDIR / S.P.M.COMPLEX / 402",
      "type": "private_room",
      "capacity": 5,
      "occupied": 5,
      "available": 0,
      "linked_pothi": 6
    },
    {
      "venue": "YAX MANDIR",
      "section": "S.P.M.COMPLEX",
      "source_room": "403",
      "room": "YAX MANDIR / S.P.M.COMPLEX / 403",
      "type": "private_room",
      "capacity": 5,
      "occupied": 5,
      "available": 0,
      "linked_pothi": 6
    },
    {
      "venue": "YAX MANDIR",
      "section": "S.P.M.COMPLEX",
      "source_room": "404",
      "room": "YAX MANDIR / S.P.M.COMPLEX / 404",
      "type": "private_room",
      "capacity": 5,
      "occupied": 5,
      "available": 0,
      "linked_pothi": 6
    },
    {
      "venue": "YAX MANDIR",
      "section": "S.P.M.COMPLEX",
      "source_room": "405",
      "room": "YAX MANDIR / S.P.M.COMPLEX / 405",
      "type": "pothi_room",
      "capacity": 5,
      "occupied": 4,
      "available": 1,
      "linked_pothi": 6
    },
    {
      "venue": "YAX MANDIR",
      "section": "S.P.M.COMPLEX",
      "source_room": "406",
      "room": "YAX MANDIR / S.P.M.COMPLEX / 406",
      "type": "pothi_room",
      "capacity": 5,
      "occupied": 5,
      "available": 0,
      "linked_pothi": 7
    },
    {
      "venue": "YAX MANDIR",
      "section": "S.P.M.COMPLEX",
      "source_room": "407",
      "room": "YAX MANDIR / S.P.M.COMPLEX / 407",
      "type": "private_room",
      "capacity": 5,
      "occupied": 0,
      "available": 5,
      "linked_pothi": 46
    },
    {
      "venue": "YAX MANDIR",
      "section": "S.P.M.COMPLEX",
      "source_room": "408",
      "room": "YAX MANDIR / S.P.M.COMPLEX / 408",
      "type": "pothi_room",
      "capacity": 5,
      "occupied": 4,
      "available": 1,
      "linked_pothi": 4
    },
    {
      "venue": "YAX MANDIR",
      "section": "S.P.M.COMPLEX",
      "source_room": "409",
      "room": "YAX MANDIR / S.P.M.COMPLEX / 409",
      "type": "pothi_room",
      "capacity": 5,
      "occupied": 5,
      "available": 0,
      "linked_pothi": 48
    },
    {
      "venue": "YAX MANDIR",
      "section": "S.P.M.COMPLEX",
      "source_room": "410",
      "room": "YAX MANDIR / S.P.M.COMPLEX / 410",
      "type": "pothi_room",
      "capacity": 8,
      "occupied": 4,
      "available": 4,
      "linked_pothi": 35
    },
    {
      "venue": "YAX MANDIR",
      "section": "S.P.M.COMPLEX",
      "source_room": "411",
      "room": "YAX MANDIR / S.P.M.COMPLEX / 411",
      "type": "pothi_room",
      "capacity": 8,
      "occupied": 0,
      "available": 8,
      "linked_pothi": 17
    },
    {
      "venue": "YAX MANDIR",
      "section": "S.P.M.COMPLEX",
      "source_room": "412",
      "room": "YAX MANDIR / S.P.M.COMPLEX / 412",
      "type": "pothi_room",
      "capacity": 5,
      "occupied": 4,
      "available": 1,
      "linked_pothi": 45
    },
    {
      "venue": "YAX MANDIR",
      "section": "S.P.M.COMPLEX",
      "source_room": "413",
      "room": "YAX MANDIR / S.P.M.COMPLEX / 413",
      "type": "pothi_room",
      "capacity": 5,
      "occupied": 5,
      "available": 0,
      "linked_pothi": 41
    },
    {
      "venue": "YAX MANDIR",
      "section": "S.P.M.COMPLEX",
      "source_room": "414",
      "room": "YAX MANDIR / S.P.M.COMPLEX / 414",
      "type": "pothi_room",
      "capacity": 5,
      "occupied": 0,
      "available": 5,
      "linked_pothi": 35
    },
    {
      "venue": "YAX MANDIR",
      "section": "S.P.M.COMPLEX",
      "source_room": "415",
      "room": "YAX MANDIR / S.P.M.COMPLEX / 415",
      "type": "pothi_room",
      "capacity": 5,
      "occupied": 5,
      "available": 0,
      "linked_pothi": 66
    },
    {
      "venue": "YAX MANDIR",
      "section": "S.P.M.COMPLEX",
      "source_room": "416",
      "room": "YAX MANDIR / S.P.M.COMPLEX / 416",
      "type": "pothi_room",
      "capacity": 8,
      "occupied": 8,
      "available": 0,
      "linked_pothi": 18
    },
    {
      "venue": "YAX MANDIR",
      "section": "S.P.M.COMPLEX",
      "source_room": "501",
      "room": "YAX MANDIR / S.P.M.COMPLEX / 501",
      "type": "pothi_room",
      "capacity": 5,
      "occupied": 0,
      "available": 5,
      "linked_pothi": 31
    },
    {
      "venue": "YAX MANDIR",
      "section": "S.P.M.COMPLEX",
      "source_room": "502",
      "room": "YAX MANDIR / S.P.M.COMPLEX / 502",
      "type": "pothi_room",
      "capacity": 5,
      "occupied": 4,
      "available": 1,
      "linked_pothi": 28
    },
    {
      "venue": "YAX MANDIR",
      "section": "S.P.M.COMPLEX",
      "source_room": "503",
      "room": "YAX MANDIR / S.P.M.COMPLEX / 503",
      "type": "pothi_room",
      "capacity": 5,
      "occupied": 5,
      "available": 0,
      "linked_pothi": 29
    },
    {
      "venue": "YAX MANDIR",
      "section": "S.P.M.COMPLEX",
      "source_room": "504",
      "room": "YAX MANDIR / S.P.M.COMPLEX / 504",
      "type": "pothi_room",
      "capacity": 5,
      "occupied": 5,
      "available": 0,
      "linked_pothi": 62
    },
    {
      "venue": "YAX MANDIR",
      "section": "S.P.M.COMPLEX",
      "source_room": "505",
      "room": "YAX MANDIR / S.P.M.COMPLEX / 505",
      "type": "pothi_room",
      "capacity": 5,
      "occupied": 5,
      "available": 0,
      "linked_pothi": 63
    },
    {
      "venue": "YAX MANDIR",
      "section": "S.P.M.COMPLEX",
      "source_room": "506",
      "room": "YAX MANDIR / S.P.M.COMPLEX / 506",
      "type": "pothi_room",
      "capacity": 5,
      "occupied": 5,
      "available": 0,
      "linked_pothi": 64
    },
    {
      "venue": "YAX MANDIR",
      "section": "S.P.M.COMPLEX",
      "source_room": "507",
      "room": "YAX MANDIR / S.P.M.COMPLEX / 507",
      "type": "pothi_room",
      "capacity": 5,
      "occupied": 5,
      "available": 0,
      "linked_pothi": 65
    },
    {
      "venue": "YAX MANDIR",
      "section": "S.P.M.COMPLEX",
      "source_room": "508",
      "room": "YAX MANDIR / S.P.M.COMPLEX / 508",
      "type": "pothi_room",
      "capacity": 5,
      "occupied": 5,
      "available": 0,
      "linked_pothi": 66
    },
    {
      "venue": "YAX MANDIR",
      "section": "S.P.M.COMPLEX",
      "source_room": "509",
      "room": "YAX MANDIR / S.P.M.COMPLEX / 509",
      "type": "pothi_room",
      "capacity": 8,
      "occupied": 8,
      "available": 0,
      "linked_pothi": 44
    },
    {
      "venue": "YAX MANDIR",
      "section": "S.P.M.COMPLEX",
      "source_room": "510",
      "room": "YAX MANDIR / S.P.M.COMPLEX / 510",
      "type": "pothi_room",
      "capacity": 8,
      "occupied": 1,
      "available": 7,
      "linked_pothi": 43
    },
    {
      "venue": "YAX MANDIR",
      "section": "S.P.M.COMPLEX",
      "source_room": "511",
      "room": "YAX MANDIR / S.P.M.COMPLEX / 511",
      "type": "pothi_room",
      "capacity": 5,
      "occupied": 0,
      "available": 5,
      "linked_pothi": 19
    },
    {
      "venue": "YAX MANDIR",
      "section": "S.P.M.COMPLEX",
      "source_room": "512",
      "room": "YAX MANDIR / S.P.M.COMPLEX / 512",
      "type": "pothi_room",
      "capacity": 5,
      "occupied": 4,
      "available": 1,
      "linked_pothi": 20
    },
    {
      "venue": "YAX MANDIR",
      "section": "S.P.M.COMPLEX",
      "source_room": "513",
      "room": "YAX MANDIR / S.P.M.COMPLEX / 513",
      "type": "pothi_room",
      "capacity": 5,
      "occupied": 0,
      "available": 5,
      "linked_pothi": 25
    },
    {
      "venue": "YAX MANDIR",
      "section": "S.P.M.COMPLEX",
      "source_room": "514",
      "room": "YAX MANDIR / S.P.M.COMPLEX / 514",
      "type": "pothi_room",
      "capacity": 5,
      "occupied": 4,
      "available": 1,
      "linked_pothi": 27
    },
    {
      "venue": "YAX MANDIR",
      "section": "S.P.M.COMPLEX",
      "source_room": "515",
      "room": "YAX MANDIR / S.P.M.COMPLEX / 515",
      "type": "pothi_room",
      "capacity": 8,
      "occupied": 4,
      "available": 4,
      "linked_pothi": 26
    },
    {
      "venue": "YAX MANDIR",
      "section": "NAVNEET HALL",
      "source_room": "HALL",
      "room": "YAX MANDIR / NAVNEET HALL / HALL / G.F.",
      "type": "pothi_room",
      "capacity": 30,
      "occupied": 0,
      "available": 30,
      "linked_pothi": 68
    },
    {
      "venue": "YAX MANDIR",
      "section": "NAVNEET HALL",
      "source_room": "HALL",
      "room": "YAX MANDIR / NAVNEET HALL / HALL / F.F.",
      "type": "private_room",
      "capacity": 25,
      "occupied": 25,
      "available": 0,
      "linked_pothi": 8
    },
    {
      "venue": "YAX MANDIR",
      "section": "ZAVERBEN HALL",
      "source_room": "HALL",
      "room": "YAX MANDIR / ZAVERBEN HALL / HALL / G.F.",
      "type": "general_room",
      "capacity": 35,
      "occupied": 0,
      "available": 35,
      "linked_pothi": null
    },
    {
      "venue": "YAX MANDIR",
      "section": "S.P.M.COMPLEX",
      "source_room": "HALL",
      "room": "YAX MANDIR / S.P.M.COMPLEX / HALL / F.F.",
      "type": "general_room",
      "capacity": 30,
      "occupied": 0,
      "available": 30,
      "linked_pothi": null
    },
    {
      "venue": "YAX MANDIR",
      "section": "VALIBEN HALL",
      "source_room": "HALL",
      "room": "YAX MANDIR / VALIBEN HALL / HALL / G.F.",
      "type": "general_room",
      "capacity": 20,
      "occupied": 0,
      "available": 20,
      "linked_pothi": null
    },
    {
      "venue": "YAX MANDIR",
      "section": "RATANBEN HALL",
      "source_room": "HALL",
      "room": "YAX MANDIR / RATANBEN HALL / HALL / F.F.",
      "type": "general_room",
      "capacity": 20,
      "occupied": 0,
      "available": 20,
      "linked_pothi": null
    },
    {
      "venue": "V.B.C.",
      "section": "VAGAD BE CHOVISI (V.B.C.)R.T.O.",
      "source_room": "101",
      "room": "V.B.C. / VAGAD BE CHOVISI (V.B.C.)R.T.O. / 101",
      "type": "general_room",
      "capacity": 4,
      "occupied": 0,
      "available": 4,
      "linked_pothi": null
    },
    {
      "venue": "V.B.C.",
      "section": "VAGAD BE CHOVISI (V.B.C.)R.T.O.",
      "source_room": "102",
      "room": "V.B.C. / VAGAD BE CHOVISI (V.B.C.)R.T.O. / 102",
      "type": "general_room",
      "capacity": 4,
      "occupied": 0,
      "available": 4,
      "linked_pothi": null
    },
    {
      "venue": "V.B.C.",
      "section": "VAGAD BE CHOVISI (V.B.C.)R.T.O.",
      "source_room": "103",
      "room": "V.B.C. / VAGAD BE CHOVISI (V.B.C.)R.T.O. / 103",
      "type": "general_room",
      "capacity": 4,
      "occupied": 0,
      "available": 4,
      "linked_pothi": null
    },
    {
      "venue": "V.B.C.",
      "section": "VAGAD BE CHOVISI (V.B.C.)R.T.O.",
      "source_room": "104",
      "room": "V.B.C. / VAGAD BE CHOVISI (V.B.C.)R.T.O. / 104",
      "type": "general_room",
      "capacity": 4,
      "occupied": 0,
      "available": 4,
      "linked_pothi": null
    },
    {
      "venue": "V.B.C.",
      "section": "VAGAD BE CHOVISI (V.B.C.)R.T.O.",
      "source_room": "201",
      "room": "V.B.C. / VAGAD BE CHOVISI (V.B.C.)R.T.O. / 201",
      "type": "general_room",
      "capacity": 4,
      "occupied": 0,
      "available": 4,
      "linked_pothi": null
    },
    {
      "venue": "V.B.C.",
      "section": "VAGAD BE CHOVISI (V.B.C.)R.T.O.",
      "source_room": "202",
      "room": "V.B.C. / VAGAD BE CHOVISI (V.B.C.)R.T.O. / 202",
      "type": "general_room",
      "capacity": 4,
      "occupied": 0,
      "available": 4,
      "linked_pothi": null
    },
    {
      "venue": "V.B.C.",
      "section": "VAGAD BE CHOVISI (V.B.C.)R.T.O.",
      "source_room": "203",
      "room": "V.B.C. / VAGAD BE CHOVISI (V.B.C.)R.T.O. / 203",
      "type": "general_room",
      "capacity": 4,
      "occupied": 0,
      "available": 4,
      "linked_pothi": null
    },
    {
      "venue": "V.B.C.",
      "section": "VAGAD BE CHOVISI (V.B.C.)R.T.O.",
      "source_room": "204",
      "room": "V.B.C. / VAGAD BE CHOVISI (V.B.C.)R.T.O. / 204",
      "type": "general_room",
      "capacity": 4,
      "occupied": 0,
      "available": 4,
      "linked_pothi": null
    },
    {
      "venue": "V.B.C.",
      "section": "VAGAD BE CHOVISI (V.B.C.)R.T.O.",
      "source_room": "301",
      "room": "V.B.C. / VAGAD BE CHOVISI (V.B.C.)R.T.O. / 301",
      "type": "general_room",
      "capacity": 4,
      "occupied": 0,
      "available": 4,
      "linked_pothi": null
    },
    {
      "venue": "V.B.C.",
      "section": "VAGAD BE CHOVISI (V.B.C.)R.T.O.",
      "source_room": "302",
      "room": "V.B.C. / VAGAD BE CHOVISI (V.B.C.)R.T.O. / 302",
      "type": "general_room",
      "capacity": 4,
      "occupied": 0,
      "available": 4,
      "linked_pothi": null
    },
    {
      "venue": "V.B.C.",
      "section": "VAGAD BE CHOVISI (V.B.C.)R.T.O.",
      "source_room": "303",
      "room": "V.B.C. / VAGAD BE CHOVISI (V.B.C.)R.T.O. / 303",
      "type": "general_room",
      "capacity": 4,
      "occupied": 0,
      "available": 4,
      "linked_pothi": null
    },
    {
      "venue": "V.B.C.",
      "section": "VAGAD BE CHOVISI (V.B.C.)R.T.O.",
      "source_room": "304",
      "room": "V.B.C. / VAGAD BE CHOVISI (V.B.C.)R.T.O. / 304",
      "type": "general_room",
      "capacity": 4,
      "occupied": 0,
      "available": 4,
      "linked_pothi": null
    },
    {
      "venue": "V.B.C.",
      "section": "VAGAD BE CHOVISI (V.B.C.)R.T.O.",
      "source_room": "305",
      "room": "V.B.C. / VAGAD BE CHOVISI (V.B.C.)R.T.O. / 305",
      "type": "general_room",
      "capacity": 4,
      "occupied": 0,
      "available": 4,
      "linked_pothi": null
    },
    {
      "venue": "V.B.C.",
      "section": "VAGAD BE CHOVISI (V.B.C.)R.T.O.",
      "source_room": "306",
      "room": "V.B.C. / VAGAD BE CHOVISI (V.B.C.)R.T.O. / 306",
      "type": "general_room",
      "capacity": 4,
      "occupied": 0,
      "available": 4,
      "linked_pothi": null
    },
    {
      "venue": "V.B.C.",
      "section": "VAGAD BE CHOVISI (V.B.C.)R.T.O.",
      "source_room": "307",
      "room": "V.B.C. / VAGAD BE CHOVISI (V.B.C.)R.T.O. / 307",
      "type": "general_room",
      "capacity": 4,
      "occupied": 0,
      "available": 4,
      "linked_pothi": null
    },
    {
      "venue": "V.B.C.",
      "section": "VAGAD BE CHOVISI (V.B.C.)R.T.O.",
      "source_room": "308",
      "room": "V.B.C. / VAGAD BE CHOVISI (V.B.C.)R.T.O. / 308",
      "type": "general_room",
      "capacity": 4,
      "occupied": 0,
      "available": 4,
      "linked_pothi": null
    },
    {
      "venue": "V.B.C.",
      "section": "VAGAD BE CHOVISI (V.B.C.)R.T.O.",
      "source_room": "309",
      "room": "V.B.C. / VAGAD BE CHOVISI (V.B.C.)R.T.O. / 309",
      "type": "general_room",
      "capacity": 4,
      "occupied": 0,
      "available": 4,
      "linked_pothi": null
    },
    {
      "venue": "V.B.C.",
      "section": "VAGAD BE CHOVISI (V.B.C.)R.T.O.",
      "source_room": "310",
      "room": "V.B.C. / VAGAD BE CHOVISI (V.B.C.)R.T.O. / 310",
      "type": "general_room",
      "capacity": 4,
      "occupied": 0,
      "available": 4,
      "linked_pothi": null
    },
    {
      "venue": "V.B.C.",
      "section": "VAGAD BE CHOVISI (V.B.C.)R.T.O.",
      "source_room": "311",
      "room": "V.B.C. / VAGAD BE CHOVISI (V.B.C.)R.T.O. / 311",
      "type": "general_room",
      "capacity": 4,
      "occupied": 0,
      "available": 4,
      "linked_pothi": null
    },
    {
      "venue": "V.B.C.",
      "section": "VAGAD BE CHOVISI (V.B.C.)R.T.O.",
      "source_room": "312",
      "room": "V.B.C. / VAGAD BE CHOVISI (V.B.C.)R.T.O. / 312",
      "type": "general_room",
      "capacity": 4,
      "occupied": 0,
      "available": 4,
      "linked_pothi": null
    },
    {
      "venue": "V.B.C.",
      "section": "VAGAD BE CHOVISI (V.B.C.)R.T.O.",
      "source_room": "221",
      "room": "V.B.C. / VAGAD BE CHOVISI (V.B.C.)R.T.O. / 221",
      "type": "private_room",
      "capacity": 7,
      "occupied": 0,
      "available": 7,
      "linked_pothi": 1
    },
    {
      "venue": "V.B.C.",
      "section": "VAGAD BE CHOVISI (V.B.C.)R.T.O.",
      "source_room": "222",
      "room": "V.B.C. / VAGAD BE CHOVISI (V.B.C.)R.T.O. / 222",
      "type": "general_room",
      "capacity": 8,
      "occupied": 0,
      "available": 8,
      "linked_pothi": null
    },
    {
      "venue": "V.B.C.",
      "section": "VAGAD BE CHOVISI (V.B.C.)R.T.O.",
      "source_room": "223",
      "room": "V.B.C. / VAGAD BE CHOVISI (V.B.C.)R.T.O. / 223",
      "type": "general_room",
      "capacity": 8,
      "occupied": 0,
      "available": 8,
      "linked_pothi": null
    },
    {
      "venue": "V.B.C.",
      "section": "VAGAD BE CHOVISI (V.B.C.)R.T.O.",
      "source_room": "224",
      "room": "V.B.C. / VAGAD BE CHOVISI (V.B.C.)R.T.O. / 224",
      "type": "general_room",
      "capacity": 7,
      "occupied": 0,
      "available": 7,
      "linked_pothi": null
    },
    {
      "venue": "V.B.C.",
      "section": "VAGAD BE CHOVISI (V.B.C.)R.T.O.",
      "source_room": "321",
      "room": "V.B.C. / VAGAD BE CHOVISI (V.B.C.)R.T.O. / 321",
      "type": "general_room",
      "capacity": 9,
      "occupied": 0,
      "available": 9,
      "linked_pothi": null
    },
    {
      "venue": "V.B.C.",
      "section": "VAGAD BE CHOVISI (V.B.C.)R.T.O.",
      "source_room": "322",
      "room": "V.B.C. / VAGAD BE CHOVISI (V.B.C.)R.T.O. / 322",
      "type": "general_room",
      "capacity": 7,
      "occupied": 0,
      "available": 7,
      "linked_pothi": null
    },
    {
      "venue": "V.B.C.",
      "section": "VAGAD BE CHOVISI (V.B.C.)R.T.O.",
      "source_room": "323",
      "room": "V.B.C. / VAGAD BE CHOVISI (V.B.C.)R.T.O. / 323",
      "type": "general_room",
      "capacity": 7,
      "occupied": 0,
      "available": 7,
      "linked_pothi": null
    },
    {
      "venue": "V.B.C.",
      "section": "VAGAD BE CHOVISI (V.B.C.)R.T.O.",
      "source_room": "324",
      "room": "V.B.C. / VAGAD BE CHOVISI (V.B.C.)R.T.O. / 324",
      "type": "general_room",
      "capacity": 7,
      "occupied": 0,
      "available": 7,
      "linked_pothi": null
    }
  ],
  "existingMembers": [
    {
      "id": "53057fb7-c5b3-484d-9aec-4af7c246ed32",
      "name": "Tara Mahendra Maniyaar",
      "mobile": "9920532035",
      "family_id": "0ec7c994-e9b2-4956-a6a8-c2d0f7095d8c"
    },
    {
      "id": "5b05cb1f-ec71-4b5b-994d-65e2e8e54709",
      "name": "Madhu Mahendra Sheth",
      "mobile": "9426381550",
      "family_id": "0ec7c994-e9b2-4956-a6a8-c2d0f7095d8c"
    },
    {
      "id": "78d78460-4e09-4d84-a789-ea50d75cfdc7",
      "name": "Zaverben Mangaldas Maheshwari ",
      "mobile": "9879874788",
      "family_id": "0ec7c994-e9b2-4956-a6a8-c2d0f7095d8c"
    },
    {
      "id": "11652f03-06d2-415f-9450-6695ccd1d8d6",
      "name": "Dimple Kaushal Sheth",
      "mobile": "7041097789",
      "family_id": "0ec7c994-e9b2-4956-a6a8-c2d0f7095d8c"
    },
    {
      "id": "73744aa3-764c-4360-a1a2-33dec8548456",
      "name": "Jyotiben Ishwarlal Laddhad",
      "mobile": "8296689888",
      "family_id": "1958dde1-0abc-4ca4-9a6e-21d30deb5850"
    },
    {
      "id": "9d4e8093-79c3-41da-94c8-888d327789b9",
      "name": "Ishwarlal Kuvarji Laddhad",
      "mobile": "9343401740",
      "family_id": "1958dde1-0abc-4ca4-9a6e-21d30deb5850"
    }
  ],
  "existingFamilies": [
    {
      "id": "1958dde1-0abc-4ca4-9a6e-21d30deb5850",
      "head_name": "હીરજી વેલજી નવધરે",
      "head_mobile": "9426215173 ",
      "registration_type": "pothi_room",
      "pothi_id": 48,
      "stay_from": "2026-11-13",
      "stay_to": "2026-11-20",
      "registration_code": "78C0F6C61E"
    },
    {
      "id": "0ec7c994-e9b2-4956-a6a8-c2d0f7095d8c",
      "head_name": "ઝવેરબેન મંગલદાસ ભુતડા(જી.જ.)",
      "head_mobile": "9909577711",
      "registration_type": "pothi_room",
      "pothi_id": 2,
      "stay_from": "2026-11-13",
      "stay_to": "2026-11-20",
      "registration_code": "B596EF6C11"
    }
  ],
  "familyMembers": [
    {
      "family_id": "0ec7c994-e9b2-4956-a6a8-c2d0f7095d8c",
      "name": "Tara Mahendra Maniyaar",
      "mobile": "9920532035",
      "age": 75,
      "gender": "female"
    },
    {
      "family_id": "0ec7c994-e9b2-4956-a6a8-c2d0f7095d8c",
      "name": "Madhu Mahendra Sheth",
      "mobile": "9426381550",
      "age": 67,
      "gender": "female"
    },
    {
      "family_id": "0ec7c994-e9b2-4956-a6a8-c2d0f7095d8c",
      "name": "Zaverben Mangaldas Maheshwari ",
      "mobile": "9879874788",
      "age": 83,
      "gender": "female"
    },
    {
      "family_id": "0ec7c994-e9b2-4956-a6a8-c2d0f7095d8c",
      "name": "Dimple Kaushal Sheth",
      "mobile": "7041097789",
      "age": 45,
      "gender": "female"
    },
    {
      "family_id": "1958dde1-0abc-4ca4-9a6e-21d30deb5850",
      "name": "Jayshri Haresh Maheshwari ",
      "mobile": "9427806293 ",
      "age": 70,
      "gender": "female"
    },
    {
      "family_id": "1958dde1-0abc-4ca4-9a6e-21d30deb5850",
      "name": "Chapaben parshottam navdhare",
      "mobile": "9978533013",
      "age": 66,
      "gender": "female"
    },
    {
      "family_id": "1958dde1-0abc-4ca4-9a6e-21d30deb5850",
      "name": "Savitaben ભારત Navdhare ",
      "mobile": "9537922201",
      "age": 63,
      "gender": "female"
    },
    {
      "family_id": "1958dde1-0abc-4ca4-9a6e-21d30deb5850",
      "name": "Premlataben Padamshi Navdhare",
      "mobile": "9979919111",
      "age": 60,
      "gender": "female"
    },
    {
      "family_id": "1958dde1-0abc-4ca4-9a6e-21d30deb5850",
      "name": "Haresh Hirji Navdhare",
      "mobile": "9426215173",
      "age": 74,
      "gender": "male"
    },
    {
      "family_id": "1958dde1-0abc-4ca4-9a6e-21d30deb5850",
      "name": "Parshottam Hirji Navdhare",
      "mobile": null,
      "age": 70,
      "gender": "male"
    },
    {
      "family_id": "1958dde1-0abc-4ca4-9a6e-21d30deb5850",
      "name": "Padamshi HIRJI Navdhare",
      "mobile": "9979574111",
      "age": 63,
      "gender": "male"
    },
    {
      "family_id": "1958dde1-0abc-4ca4-9a6e-21d30deb5850",
      "name": "Sachin Bharat Navdhare",
      "mobile": "9022182271",
      "age": 35,
      "gender": "male"
    },
    {
      "family_id": "1958dde1-0abc-4ca4-9a6e-21d30deb5850",
      "name": "Harsh Padamshi Navdhare",
      "mobile": "9979093636",
      "age": 28,
      "gender": "male"
    },
    {
      "family_id": "1958dde1-0abc-4ca4-9a6e-21d30deb5850",
      "name": "Disha Harsh Navdhare",
      "mobile": "8460670207",
      "age": 27,
      "gender": "female"
    },
    {
      "family_id": "1958dde1-0abc-4ca4-9a6e-21d30deb5850",
      "name": "Urvi Sachin Navdhare",
      "mobile": "7303180211",
      "age": 30,
      "gender": "female"
    },
    {
      "family_id": "1958dde1-0abc-4ca4-9a6e-21d30deb5850",
      "name": "Devkaben Ramji Mall",
      "mobile": "9890845429",
      "age": 80,
      "gender": "female"
    },
    {
      "family_id": "1958dde1-0abc-4ca4-9a6e-21d30deb5850",
      "name": "Vimlaben Premji Navdhare",
      "mobile": "9726906555",
      "age": 77,
      "gender": "female"
    },
    {
      "family_id": "1958dde1-0abc-4ca4-9a6e-21d30deb5850",
      "name": "Jyotiben Ishwarlal Laddhad",
      "mobile": "8296689888",
      "age": 65,
      "gender": "male"
    },
    {
      "family_id": "1958dde1-0abc-4ca4-9a6e-21d30deb5850",
      "name": "Ishwarlal Kuvarji Laddhad",
      "mobile": "9343401740",
      "age": 63,
      "gender": "male"
    }
  ]
}
